Component: ARM Compiler 5.06 update 6 (build 750) Tool: armlink [4d35ed]

==============================================================================

Section Cross References

    startup_stm32f10x_hd.o(RESET) refers to startup_stm32f10x_hd.o(STACK) for __initial_sp
    startup_stm32f10x_hd.o(RESET) refers to startup_stm32f10x_hd.o(.text) for Reset_Handler
    startup_stm32f10x_hd.o(RESET) refers to stm32f10x_it.o(.text) for NMI_Handler
    startup_stm32f10x_hd.o(.text) refers to system_stm32f10x.o(.text) for SystemInit
    startup_stm32f10x_hd.o(.text) refers to entry.o(.ARM.Collect$$$$00000000) for __main
    led.o(.text) refers to stm32f10x_rcc.o(.text) for RCC_APB2PeriphClockCmd
    led.o(.text) refers to stm32f10x_gpio.o(.text) for GPIO_Init
    main.o(.text) refers to stm32f10x_gpio.o(.text) for GPIO_SetBits
    main.o(.text) refers to systick.o(.text) for Delay_ms
    main.o(.text) refers to w5500.o(.text) for Read_1_Byte
    main.o(.text) refers to system_init.o(.text) for System_Initialization
    main.o(.text) refers to mb.o(.text) for eMBTCPInit
    main.o(.text) refers to printfb.o(i.__0printf$bare) for __2printf
    main.o(.text) refers to mbutils.o(.text) for xMBUtilGetBits
    main.o(.text) refers to main.o(.data) for ucRegCoilsBuf
    stm32f10x_it.o(.text) refers to systick.o(.data) for TimingDelay
    system_init.o(.text) refers to stm32f10x_rcc.o(.text) for RCC_APB2PeriphClockCmd
    system_init.o(.text) refers to stm32f10x_gpio.o(.text) for GPIO_Init
    system_init.o(.text) refers to stm32f10x_spi.o(.text) for SPI_Init
    system_init.o(.text) refers to led.o(.text) for LED_GPIO_Config
    system_init.o(.text) refers to usart1.o(.text) for USART1_Config
    system_init.o(.text) refers to w5500.o(.text) for Write_SOCK_2_Byte
    systick.o(.text) refers to system_stm32f10x.o(.data) for SystemCoreClock
    systick.o(.text) refers to systick.o(.data) for TimingDelay
    usart1.o(.text) refers to stm32f10x_rcc.o(.text) for RCC_APB2PeriphClockCmd
    usart1.o(.text) refers to stm32f10x_gpio.o(.text) for GPIO_Init
    usart1.o(.text) refers to stm32f10x_usart.o(.text) for USART_Init
    usart1.o(.text) refers to misc.o(.text) for NVIC_PriorityGroupConfig
    w5500.o(.text) refers to stm32f10x_gpio.o(.text) for GPIO_ResetBits
    w5500.o(.text) refers to stm32f10x_spi.o(.text) for SPI_I2S_SendData
    w5500.o(.text) refers to systick.o(.text) for Delay_ms
    stm32f10x_gpio.o(.text) refers to stm32f10x_rcc.o(.text) for RCC_APB2PeriphResetCmd
    stm32f10x_rcc.o(.text) refers to stm32f10x_rcc.o(.data) for APBAHBPrescTable
    stm32f10x_usart.o(.text) refers to stm32f10x_rcc.o(.text) for RCC_APB2PeriphResetCmd
    stm32f10x_spi.o(.text) refers to stm32f10x_rcc.o(.text) for RCC_APB2PeriphResetCmd
    stm32f10x_tim.o(.text) refers to stm32f10x_rcc.o(.text) for RCC_APB2PeriphResetCmd
    system_stm32f10x.o(.text) refers to system_stm32f10x.o(.data) for SystemCoreClock
    mbfunccoils.o(.text) refers to main.o(.text) for eMBRegCoilsCB
    mbfunccoils.o(.text) refers to mbutils.o(.text) for prveMBError2Exception
    mbfuncdisc.o(.text) refers to main.o(.text) for eMBRegDiscreteCB
    mbfuncdisc.o(.text) refers to mbutils.o(.text) for prveMBError2Exception
    mbfuncholding.o(.text) refers to main.o(.text) for eMBRegHoldingCB
    mbfuncholding.o(.text) refers to mbutils.o(.text) for prveMBError2Exception
    mbfuncinput.o(.text) refers to main.o(.text) for eMBRegInputCB
    mbfuncinput.o(.text) refers to mbutils.o(.text) for prveMBError2Exception
    mbfuncother.o(.text) refers to memcpya.o(.text) for __aeabi_memcpy
    mbfuncother.o(.text) refers to mbfuncother.o(.data) for usMBSlaveIDLen
    mbfuncother.o(.text) refers to mbfuncother.o(.bss) for ucMBSlaveID
    mbcrc.o(.text) refers to mbcrc.o(.constdata) for aucCRCHi
    mbtcp.o(.text) refers to porttcp.o(.text) for xMBTCPPortInit
    mb.o(.text) refers to portevent.o(.text) for xMBPortEventInit
    mb.o(.text) refers to mbtcp.o(.text) for eMBTCPDoInit
    mb.o(.text) refers to porttcp.o(.text) for EnterCriticalSection
    mb.o(.text) refers to mb.o(.data) for ucMBAddress
    mb.o(.data) refers to mbfuncother.o(.text) for eMBFuncReportSlaveID
    mb.o(.data) refers to mbfuncinput.o(.text) for eMBFuncReadInputRegister
    mb.o(.data) refers to mbfuncholding.o(.text) for eMBFuncReadHoldingRegister
    mb.o(.data) refers to mbfunccoils.o(.text) for eMBFuncReadCoils
    mb.o(.data) refers to mbfuncdisc.o(.text) for eMBFuncReadDiscreteInputs
    portevent.o(.text) refers to porttcp.o(.text) for xMBPortTCPPool
    portevent.o(.text) refers to portevent.o(.data) for xEventInQueue
    porttcp.o(.text) refers to system_init.o(.text) for Socket0_Config
    porttcp.o(.text) refers to w5500.o(.text) for Socket_Listen
    porttcp.o(.text) refers to portevent.o(.text) for xMBPortEventPost
    porttcp.o(.text) refers to porttcp.o(.bss) for aucTCPBuf
    porttcp.o(.text) refers to porttcp.o(.data) for usTCPBufLen
    entry.o(.ARM.Collect$$$$00000000) refers (Special) to entry10a.o(.ARM.Collect$$$$0000000D) for __rt_final_cpp
    entry.o(.ARM.Collect$$$$00000000) refers (Special) to entry11a.o(.ARM.Collect$$$$0000000F) for __rt_final_exit
    entry.o(.ARM.Collect$$$$00000000) refers (Special) to entry7b.o(.ARM.Collect$$$$00000008) for _main_clock
    entry.o(.ARM.Collect$$$$00000000) refers (Special) to entry8b.o(.ARM.Collect$$$$0000000A) for _main_cpp_init
    entry.o(.ARM.Collect$$$$00000000) refers (Special) to entry9a.o(.ARM.Collect$$$$0000000B) for _main_init
    entry.o(.ARM.Collect$$$$00000000) refers (Special) to entry5.o(.ARM.Collect$$$$00000004) for _main_scatterload
    entry.o(.ARM.Collect$$$$00000000) refers (Special) to entry2.o(.ARM.Collect$$$$00000001) for _main_stk
    printfb.o(i.__0fprintf$bare) refers to printfb.o(i._printf_core) for _printf_core
    printfb.o(i.__0fprintf$bare) refers to usart1.o(.text) for fputc
    printfb.o(i.__0printf$bare) refers to printfb.o(i._printf_core) for _printf_core
    printfb.o(i.__0printf$bare) refers to usart1.o(.text) for fputc
    printfb.o(i.__0printf$bare) refers to stdout.o(.data) for __stdout
    printfb.o(i.__0snprintf$bare) refers to printfb.o(i._printf_core) for _printf_core
    printfb.o(i.__0snprintf$bare) refers to printfb.o(i._snputc) for _snputc
    printfb.o(i.__0sprintf$bare) refers to printfb.o(i._printf_core) for _printf_core
    printfb.o(i.__0sprintf$bare) refers to printfb.o(i._sputc) for _sputc
    printfb.o(i.__0vfprintf$bare) refers to printfb.o(i._printf_core) for _printf_core
    printfb.o(i.__0vfprintf$bare) refers to usart1.o(.text) for fputc
    printfb.o(i.__0vprintf$bare) refers to printfb.o(i._printf_core) for _printf_core
    printfb.o(i.__0vprintf$bare) refers to usart1.o(.text) for fputc
    printfb.o(i.__0vprintf$bare) refers to stdout.o(.data) for __stdout
    printfb.o(i.__0vsnprintf$bare) refers to printfb.o(i._printf_core) for _printf_core
    printfb.o(i.__0vsnprintf$bare) refers to printfb.o(i._snputc) for _snputc
    printfb.o(i.__0vsprintf$bare) refers to printfb.o(i._printf_core) for _printf_core
    printfb.o(i.__0vsprintf$bare) refers to printfb.o(i._sputc) for _sputc
    printf0.o(i.__0fprintf$0) refers to printf0.o(i._printf_core) for _printf_core
    printf0.o(i.__0fprintf$0) refers to usart1.o(.text) for fputc
    printf0.o(i.__0printf$0) refers to printf0.o(i._printf_core) for _printf_core
    printf0.o(i.__0printf$0) refers to usart1.o(.text) for fputc
    printf0.o(i.__0printf$0) refers to stdout.o(.data) for __stdout
    printf0.o(i.__0snprintf$0) refers to printf0.o(i._printf_core) for _printf_core
    printf0.o(i.__0snprintf$0) refers to printf0.o(i._snputc) for _snputc
    printf0.o(i.__0sprintf$0) refers to printf0.o(i._printf_core) for _printf_core
    printf0.o(i.__0sprintf$0) refers to printf0.o(i._sputc) for _sputc
    printf0.o(i.__0vfprintf$0) refers to printf0.o(i._printf_core) for _printf_core
    printf0.o(i.__0vfprintf$0) refers to usart1.o(.text) for fputc
    printf0.o(i.__0vprintf$0) refers to printf0.o(i._printf_core) for _printf_core
    printf0.o(i.__0vprintf$0) refers to usart1.o(.text) for fputc
    printf0.o(i.__0vprintf$0) refers to stdout.o(.data) for __stdout
    printf0.o(i.__0vsnprintf$0) refers to printf0.o(i._printf_core) for _printf_core
    printf0.o(i.__0vsnprintf$0) refers to printf0.o(i._snputc) for _snputc
    printf0.o(i.__0vsprintf$0) refers to printf0.o(i._printf_core) for _printf_core
    printf0.o(i.__0vsprintf$0) refers to printf0.o(i._sputc) for _sputc
    printf1.o(i.__0fprintf$1) refers to printf1.o(i._printf_core) for _printf_core
    printf1.o(i.__0fprintf$1) refers to usart1.o(.text) for fputc
    printf1.o(i.__0printf$1) refers to printf1.o(i._printf_core) for _printf_core
    printf1.o(i.__0printf$1) refers to usart1.o(.text) for fputc
    printf1.o(i.__0printf$1) refers to stdout.o(.data) for __stdout
    printf1.o(i.__0snprintf$1) refers to printf1.o(i._printf_core) for _printf_core
    printf1.o(i.__0snprintf$1) refers to printf1.o(i._snputc) for _snputc
    printf1.o(i.__0sprintf$1) refers to printf1.o(i._printf_core) for _printf_core
    printf1.o(i.__0sprintf$1) refers to printf1.o(i._sputc) for _sputc
    printf1.o(i.__0vfprintf$1) refers to printf1.o(i._printf_core) for _printf_core
    printf1.o(i.__0vfprintf$1) refers to usart1.o(.text) for fputc
    printf1.o(i.__0vprintf$1) refers to printf1.o(i._printf_core) for _printf_core
    printf1.o(i.__0vprintf$1) refers to usart1.o(.text) for fputc
    printf1.o(i.__0vprintf$1) refers to stdout.o(.data) for __stdout
    printf1.o(i.__0vsnprintf$1) refers to printf1.o(i._printf_core) for _printf_core
    printf1.o(i.__0vsnprintf$1) refers to printf1.o(i._snputc) for _snputc
    printf1.o(i.__0vsprintf$1) refers to printf1.o(i._printf_core) for _printf_core
    printf1.o(i.__0vsprintf$1) refers to printf1.o(i._sputc) for _sputc
    printf1.o(i._printf_core) refers to uidiv.o(.text) for __aeabi_uidivmod
    printf2.o(i.__0fprintf$2) refers to printf2.o(i._printf_core) for _printf_core
    printf2.o(i.__0fprintf$2) refers to usart1.o(.text) for fputc
    printf2.o(i.__0printf$2) refers to printf2.o(i._printf_core) for _printf_core
    printf2.o(i.__0printf$2) refers to usart1.o(.text) for fputc
    printf2.o(i.__0printf$2) refers to stdout.o(.data) for __stdout
    printf2.o(i.__0snprintf$2) refers to printf2.o(i._printf_core) for _printf_core
    printf2.o(i.__0snprintf$2) refers to printf2.o(i._snputc) for _snputc
    printf2.o(i.__0sprintf$2) refers to printf2.o(i._printf_core) for _printf_core
    printf2.o(i.__0sprintf$2) refers to printf2.o(i._sputc) for _sputc
    printf2.o(i.__0vfprintf$2) refers to printf2.o(i._printf_core) for _printf_core
    printf2.o(i.__0vfprintf$2) refers to usart1.o(.text) for fputc
    printf2.o(i.__0vprintf$2) refers to printf2.o(i._printf_core) for _printf_core
    printf2.o(i.__0vprintf$2) refers to usart1.o(.text) for fputc
    printf2.o(i.__0vprintf$2) refers to stdout.o(.data) for __stdout
    printf2.o(i.__0vsnprintf$2) refers to printf2.o(i._printf_core) for _printf_core
    printf2.o(i.__0vsnprintf$2) refers to printf2.o(i._snputc) for _snputc
    printf2.o(i.__0vsprintf$2) refers to printf2.o(i._printf_core) for _printf_core
    printf2.o(i.__0vsprintf$2) refers to printf2.o(i._sputc) for _sputc
    printf3.o(i.__0fprintf$3) refers to printf3.o(i._printf_core) for _printf_core
    printf3.o(i.__0fprintf$3) refers to usart1.o(.text) for fputc
    printf3.o(i.__0printf$3) refers to printf3.o(i._printf_core) for _printf_core
    printf3.o(i.__0printf$3) refers to usart1.o(.text) for fputc
    printf3.o(i.__0printf$3) refers to stdout.o(.data) for __stdout
    printf3.o(i.__0snprintf$3) refers to printf3.o(i._printf_core) for _printf_core
    printf3.o(i.__0snprintf$3) refers to printf3.o(i._snputc) for _snputc
    printf3.o(i.__0sprintf$3) refers to printf3.o(i._printf_core) for _printf_core
    printf3.o(i.__0sprintf$3) refers to printf3.o(i._sputc) for _sputc
    printf3.o(i.__0vfprintf$3) refers to printf3.o(i._printf_core) for _printf_core
    printf3.o(i.__0vfprintf$3) refers to usart1.o(.text) for fputc
    printf3.o(i.__0vprintf$3) refers to printf3.o(i._printf_core) for _printf_core
    printf3.o(i.__0vprintf$3) refers to usart1.o(.text) for fputc
    printf3.o(i.__0vprintf$3) refers to stdout.o(.data) for __stdout
    printf3.o(i.__0vsnprintf$3) refers to printf3.o(i._printf_core) for _printf_core
    printf3.o(i.__0vsnprintf$3) refers to printf3.o(i._snputc) for _snputc
    printf3.o(i.__0vsprintf$3) refers to printf3.o(i._printf_core) for _printf_core
    printf3.o(i.__0vsprintf$3) refers to printf3.o(i._sputc) for _sputc
    printf3.o(i._printf_core) refers to uidiv.o(.text) for __aeabi_uidivmod
    printf4.o(i.__0fprintf$4) refers to printf4.o(i._printf_core) for _printf_core
    printf4.o(i.__0fprintf$4) refers to usart1.o(.text) for fputc
    printf4.o(i.__0printf$4) refers to printf4.o(i._printf_core) for _printf_core
    printf4.o(i.__0printf$4) refers to usart1.o(.text) for fputc
    printf4.o(i.__0printf$4) refers to stdout.o(.data) for __stdout
    printf4.o(i.__0snprintf$4) refers to printf4.o(i._printf_core) for _printf_core
    printf4.o(i.__0snprintf$4) refers to printf4.o(i._snputc) for _snputc
    printf4.o(i.__0sprintf$4) refers to printf4.o(i._printf_core) for _printf_core
    printf4.o(i.__0sprintf$4) refers to printf4.o(i._sputc) for _sputc
    printf4.o(i.__0vfprintf$4) refers to printf4.o(i._printf_core) for _printf_core
    printf4.o(i.__0vfprintf$4) refers to usart1.o(.text) for fputc
    printf4.o(i.__0vprintf$4) refers to printf4.o(i._printf_core) for _printf_core
    printf4.o(i.__0vprintf$4) refers to usart1.o(.text) for fputc
    printf4.o(i.__0vprintf$4) refers to stdout.o(.data) for __stdout
    printf4.o(i.__0vsnprintf$4) refers to printf4.o(i._printf_core) for _printf_core
    printf4.o(i.__0vsnprintf$4) refers to printf4.o(i._snputc) for _snputc
    printf4.o(i.__0vsprintf$4) refers to printf4.o(i._printf_core) for _printf_core
    printf4.o(i.__0vsprintf$4) refers to printf4.o(i._sputc) for _sputc
    printf4.o(i._printf_core) refers to uldiv.o(.text) for __aeabi_uldivmod
    printf5.o(i.__0fprintf$5) refers to printf5.o(i._printf_core) for _printf_core
    printf5.o(i.__0fprintf$5) refers to usart1.o(.text) for fputc
    printf5.o(i.__0printf$5) refers to printf5.o(i._printf_core) for _printf_core
    printf5.o(i.__0printf$5) refers to usart1.o(.text) for fputc
    printf5.o(i.__0printf$5) refers to stdout.o(.data) for __stdout
    printf5.o(i.__0snprintf$5) refers to printf5.o(i._printf_core) for _printf_core
    printf5.o(i.__0snprintf$5) refers to printf5.o(i._snputc) for _snputc
    printf5.o(i.__0sprintf$5) refers to printf5.o(i._printf_core) for _printf_core
    printf5.o(i.__0sprintf$5) refers to printf5.o(i._sputc) for _sputc
    printf5.o(i.__0vfprintf$5) refers to printf5.o(i._printf_core) for _printf_core
    printf5.o(i.__0vfprintf$5) refers to usart1.o(.text) for fputc
    printf5.o(i.__0vprintf$5) refers to printf5.o(i._printf_core) for _printf_core
    printf5.o(i.__0vprintf$5) refers to usart1.o(.text) for fputc
    printf5.o(i.__0vprintf$5) refers to stdout.o(.data) for __stdout
    printf5.o(i.__0vsnprintf$5) refers to printf5.o(i._printf_core) for _printf_core
    printf5.o(i.__0vsnprintf$5) refers to printf5.o(i._snputc) for _snputc
    printf5.o(i.__0vsprintf$5) refers to printf5.o(i._printf_core) for _printf_core
    printf5.o(i.__0vsprintf$5) refers to printf5.o(i._sputc) for _sputc
    printf5.o(i._printf_core) refers to uldiv.o(.text) for __aeabi_uldivmod
    printf6.o(i.__0fprintf$6) refers to printf6.o(i._printf_core) for _printf_core
    printf6.o(i.__0fprintf$6) refers to usart1.o(.text) for fputc
    printf6.o(i.__0printf$6) refers to printf6.o(i._printf_core) for _printf_core
    printf6.o(i.__0printf$6) refers to usart1.o(.text) for fputc
    printf6.o(i.__0printf$6) refers to stdout.o(.data) for __stdout
    printf6.o(i.__0snprintf$6) refers to printf6.o(i._printf_core) for _printf_core
    printf6.o(i.__0snprintf$6) refers to printf6.o(i._snputc) for _snputc
    printf6.o(i.__0sprintf$6) refers to printf6.o(i._printf_core) for _printf_core
    printf6.o(i.__0sprintf$6) refers to printf6.o(i._sputc) for _sputc
    printf6.o(i.__0vfprintf$6) refers to printf6.o(i._printf_core) for _printf_core
    printf6.o(i.__0vfprintf$6) refers to usart1.o(.text) for fputc
    printf6.o(i.__0vprintf$6) refers to printf6.o(i._printf_core) for _printf_core
    printf6.o(i.__0vprintf$6) refers to usart1.o(.text) for fputc
    printf6.o(i.__0vprintf$6) refers to stdout.o(.data) for __stdout
    printf6.o(i.__0vsnprintf$6) refers to printf6.o(i._printf_core) for _printf_core
    printf6.o(i.__0vsnprintf$6) refers to printf6.o(i._snputc) for _snputc
    printf6.o(i.__0vsprintf$6) refers to printf6.o(i._printf_core) for _printf_core
    printf6.o(i.__0vsprintf$6) refers to printf6.o(i._sputc) for _sputc
    printf6.o(i._printf_core) refers to printf6.o(i._printf_pre_padding) for _printf_pre_padding
    printf6.o(i._printf_core) refers to uidiv.o(.text) for __aeabi_uidivmod
    printf6.o(i._printf_core) refers to printf6.o(i._printf_post_padding) for _printf_post_padding
    printf7.o(i.__0fprintf$7) refers to printf7.o(i._printf_core) for _printf_core
    printf7.o(i.__0fprintf$7) refers to usart1.o(.text) for fputc
    printf7.o(i.__0printf$7) refers to printf7.o(i._printf_core) for _printf_core
    printf7.o(i.__0printf$7) refers to usart1.o(.text) for fputc
    printf7.o(i.__0printf$7) refers to stdout.o(.data) for __stdout
    printf7.o(i.__0snprintf$7) refers to printf7.o(i._printf_core) for _printf_core
    printf7.o(i.__0snprintf$7) refers to printf7.o(i._snputc) for _snputc
    printf7.o(i.__0sprintf$7) refers to printf7.o(i._printf_core) for _printf_core
    printf7.o(i.__0sprintf$7) refers to printf7.o(i._sputc) for _sputc
    printf7.o(i.__0vfprintf$7) refers to printf7.o(i._printf_core) for _printf_core
    printf7.o(i.__0vfprintf$7) refers to usart1.o(.text) for fputc
    printf7.o(i.__0vprintf$7) refers to printf7.o(i._printf_core) for _printf_core
    printf7.o(i.__0vprintf$7) refers to usart1.o(.text) for fputc
    printf7.o(i.__0vprintf$7) refers to stdout.o(.data) for __stdout
    printf7.o(i.__0vsnprintf$7) refers to printf7.o(i._printf_core) for _printf_core
    printf7.o(i.__0vsnprintf$7) refers to printf7.o(i._snputc) for _snputc
    printf7.o(i.__0vsprintf$7) refers to printf7.o(i._printf_core) for _printf_core
    printf7.o(i.__0vsprintf$7) refers to printf7.o(i._sputc) for _sputc
    printf7.o(i._printf_core) refers to printf7.o(i._printf_pre_padding) for _printf_pre_padding
    printf7.o(i._printf_core) refers to uldiv.o(.text) for __aeabi_uldivmod
    printf7.o(i._printf_core) refers to printf7.o(i._printf_post_padding) for _printf_post_padding
    printf8.o(i.__0fprintf$8) refers to printf8.o(i._printf_core) for _printf_core
    printf8.o(i.__0fprintf$8) refers to usart1.o(.text) for fputc
    printf8.o(i.__0printf$8) refers to printf8.o(i._printf_core) for _printf_core
    printf8.o(i.__0printf$8) refers to usart1.o(.text) for fputc
    printf8.o(i.__0printf$8) refers to stdout.o(.data) for __stdout
    printf8.o(i.__0snprintf$8) refers to printf8.o(i._printf_core) for _printf_core
    printf8.o(i.__0snprintf$8) refers to printf8.o(i._snputc) for _snputc
    printf8.o(i.__0sprintf$8) refers to printf8.o(i._printf_core) for _printf_core
    printf8.o(i.__0sprintf$8) refers to printf8.o(i._sputc) for _sputc
    printf8.o(i.__0vfprintf$8) refers to printf8.o(i._printf_core) for _printf_core
    printf8.o(i.__0vfprintf$8) refers to usart1.o(.text) for fputc
    printf8.o(i.__0vprintf$8) refers to printf8.o(i._printf_core) for _printf_core
    printf8.o(i.__0vprintf$8) refers to usart1.o(.text) for fputc
    printf8.o(i.__0vprintf$8) refers to stdout.o(.data) for __stdout
    printf8.o(i.__0vsnprintf$8) refers to printf8.o(i._printf_core) for _printf_core
    printf8.o(i.__0vsnprintf$8) refers to printf8.o(i._snputc) for _snputc
    printf8.o(i.__0vsprintf$8) refers to printf8.o(i._printf_core) for _printf_core
    printf8.o(i.__0vsprintf$8) refers to printf8.o(i._sputc) for _sputc
    printf8.o(i._printf_core) refers to printf8.o(i._printf_pre_padding) for _printf_pre_padding
    printf8.o(i._printf_core) refers to uldiv.o(.text) for __aeabi_uldivmod
    printf8.o(i._printf_core) refers to printf8.o(i._printf_post_padding) for _printf_post_padding
    printfa.o(i.__0fprintf) refers (Special) to iusefp.o(.text) for __I$use$fp
    printfa.o(i.__0fprintf) refers to printfa.o(i._printf_core) for _printf_core
    printfa.o(i.__0fprintf) refers to usart1.o(.text) for fputc
    printfa.o(i.__0printf) refers (Special) to iusefp.o(.text) for __I$use$fp
    printfa.o(i.__0printf) refers to printfa.o(i._printf_core) for _printf_core
    printfa.o(i.__0printf) refers to usart1.o(.text) for fputc
    printfa.o(i.__0printf) refers to stdout.o(.data) for __stdout
    printfa.o(i.__0snprintf) refers (Special) to iusefp.o(.text) for __I$use$fp
    printfa.o(i.__0snprintf) refers to printfa.o(i._printf_core) for _printf_core
    printfa.o(i.__0snprintf) refers to printfa.o(i._snputc) for _snputc
    printfa.o(i.__0sprintf) refers (Special) to iusefp.o(.text) for __I$use$fp
    printfa.o(i.__0sprintf) refers to printfa.o(i._printf_core) for _printf_core
    printfa.o(i.__0sprintf) refers to printfa.o(i._sputc) for _sputc
    printfa.o(i.__0vfprintf) refers (Special) to iusefp.o(.text) for __I$use$fp
    printfa.o(i.__0vfprintf) refers to printfa.o(i._printf_core) for _printf_core
    printfa.o(i.__0vfprintf) refers to usart1.o(.text) for fputc
    printfa.o(i.__0vprintf) refers (Special) to iusefp.o(.text) for __I$use$fp
    printfa.o(i.__0vprintf) refers to printfa.o(i._printf_core) for _printf_core
    printfa.o(i.__0vprintf) refers to usart1.o(.text) for fputc
    printfa.o(i.__0vprintf) refers to stdout.o(.data) for __stdout
    printfa.o(i.__0vsnprintf) refers (Special) to iusefp.o(.text) for __I$use$fp
    printfa.o(i.__0vsnprintf) refers to printfa.o(i._printf_core) for _printf_core
    printfa.o(i.__0vsnprintf) refers to printfa.o(i._snputc) for _snputc
    printfa.o(i.__0vsprintf) refers (Special) to iusefp.o(.text) for __I$use$fp
    printfa.o(i.__0vsprintf) refers to printfa.o(i._printf_core) for _printf_core
    printfa.o(i.__0vsprintf) refers to printfa.o(i._sputc) for _sputc
    printfa.o(i._fp_digits) refers (Special) to iusefp.o(.text) for __I$use$fp
    printfa.o(i._fp_digits) refers to dmul.o(.text) for __aeabi_dmul
    printfa.o(i._fp_digits) refers to ddiv.o(.text) for __aeabi_ddiv
    printfa.o(i._fp_digits) refers to cdrcmple.o(.text) for __aeabi_cdrcmple
    printfa.o(i._fp_digits) refers to dadd.o(.text) for __aeabi_dadd
    printfa.o(i._fp_digits) refers to dfixul.o(.text) for __aeabi_d2ulz
    printfa.o(i._fp_digits) refers to uldiv.o(.text) for __aeabi_uldivmod
    printfa.o(i._printf_core) refers (Special) to iusefp.o(.text) for __I$use$fp
    printfa.o(i._printf_core) refers to printfa.o(i._printf_pre_padding) for _printf_pre_padding
    printfa.o(i._printf_core) refers to uldiv.o(.text) for __aeabi_uldivmod
    printfa.o(i._printf_core) refers to printfa.o(i._printf_post_padding) for _printf_post_padding
    printfa.o(i._printf_core) refers to printfa.o(i._fp_digits) for _fp_digits
    printfa.o(i._printf_core) refers to uidiv.o(.text) for __aeabi_uidivmod
    printfa.o(i._printf_post_padding) refers (Special) to iusefp.o(.text) for __I$use$fp
    printfa.o(i._printf_pre_padding) refers (Special) to iusefp.o(.text) for __I$use$fp
    printfa.o(i._snputc) refers (Special) to iusefp.o(.text) for __I$use$fp
    printfa.o(i._sputc) refers (Special) to iusefp.o(.text) for __I$use$fp
    entry2.o(.ARM.Collect$$$$00000001) refers to entry2.o(.ARM.Collect$$$$00002712) for __lit__00000000
    entry2.o(.ARM.Collect$$$$00002712) refers to startup_stm32f10x_hd.o(STACK) for __initial_sp
    entry2.o(__vectab_stack_and_reset_area) refers to startup_stm32f10x_hd.o(STACK) for __initial_sp
    entry2.o(__vectab_stack_and_reset_area) refers to entry.o(.ARM.Collect$$$$00000000) for __main
    entry5.o(.ARM.Collect$$$$00000004) refers to init.o(.text) for __scatterload
    entry9a.o(.ARM.Collect$$$$0000000B) refers to main.o(.text) for main
    entry9b.o(.ARM.Collect$$$$0000000C) refers to main.o(.text) for main
    uldiv.o(.text) refers to llushr.o(.text) for __aeabi_llsr
    uldiv.o(.text) refers to llshl.o(.text) for __aeabi_llsl
    dadd.o(.text) refers to llshl.o(.text) for __aeabi_llsl
    dadd.o(.text) refers to llsshr.o(.text) for __aeabi_lasr
    dadd.o(.text) refers to depilogue.o(.text) for _double_epilogue
    dmul.o(.text) refers to depilogue.o(.text) for _double_epilogue
    ddiv.o(.text) refers to depilogue.o(.text) for _double_round
    dfixul.o(.text) refers to llushr.o(.text) for __aeabi_llsr
    dfixul.o(.text) refers to llshl.o(.text) for __aeabi_llsl
    init.o(.text) refers to entry5.o(.ARM.Collect$$$$00000004) for __main_after_scatterload
    depilogue.o(.text) refers to llshl.o(.text) for __aeabi_llsl
    depilogue.o(.text) refers to llushr.o(.text) for __aeabi_llsr


==============================================================================

Removing Unused input sections from the image.

    Removing startup_stm32f10x_hd.o(HEAP), (512 bytes).
    Removing stm32f10x_tim.o(.text), (3610 bytes).
    Removing core_cm3.o(.emb_text), (32 bytes).
    Removing mbcrc.o(.text), (56 bytes).
    Removing mbcrc.o(.constdata), (512 bytes).
    Removing dadd.o(.text), (334 bytes).
    Removing dmul.o(.text), (228 bytes).
    Removing ddiv.o(.text), (222 bytes).
    Removing dfixul.o(.text), (48 bytes).
    Removing cdrcmple.o(.text), (48 bytes).
    Removing depilogue.o(.text), (186 bytes).

11 unused section(s) (total 5788 bytes) removed from the image.

==============================================================================

Image Symbol Table

    Local Symbols

    Symbol Name                              Value     Ov Type        Size  Object(Section)

    ../clib/microlib/division.c              0x00000000   Number         0  uldiv.o ABSOLUTE
    ../clib/microlib/division.c              0x00000000   Number         0  uidiv.o ABSOLUTE
    ../clib/microlib/init/entry.s            0x00000000   Number         0  entry8a.o ABSOLUTE
    ../clib/microlib/init/entry.s            0x00000000   Number         0  entry8b.o ABSOLUTE
    ../clib/microlib/init/entry.s            0x00000000   Number         0  entry.o ABSOLUTE
    ../clib/microlib/init/entry.s            0x00000000   Number         0  entry11b.o ABSOLUTE
    ../clib/microlib/init/entry.s            0x00000000   Number         0  entry11a.o ABSOLUTE
    ../clib/microlib/init/entry.s            0x00000000   Number         0  entry2.o ABSOLUTE
    ../clib/microlib/init/entry.s            0x00000000   Number         0  entry9a.o ABSOLUTE
    ../clib/microlib/init/entry.s            0x00000000   Number         0  entry10b.o ABSOLUTE
    ../clib/microlib/init/entry.s            0x00000000   Number         0  entry5.o ABSOLUTE
    ../clib/microlib/init/entry.s            0x00000000   Number         0  entry7a.o ABSOLUTE
    ../clib/microlib/init/entry.s            0x00000000   Number         0  entry10a.o ABSOLUTE
    ../clib/microlib/init/entry.s            0x00000000   Number         0  entry7b.o ABSOLUTE
    ../clib/microlib/init/entry.s            0x00000000   Number         0  entry9b.o ABSOLUTE
    ../clib/microlib/longlong.c              0x00000000   Number         0  llsshr.o ABSOLUTE
    ../clib/microlib/longlong.c              0x00000000   Number         0  llushr.o ABSOLUTE
    ../clib/microlib/longlong.c              0x00000000   Number         0  llshl.o ABSOLUTE
    ../clib/microlib/printf/printf.c         0x00000000   Number         0  printfa.o ABSOLUTE
    ../clib/microlib/printf/printf.c         0x00000000   Number         0  printf0.o ABSOLUTE
    ../clib/microlib/printf/printf.c         0x00000000   Number         0  printf2.o ABSOLUTE
    ../clib/microlib/printf/printf.c         0x00000000   Number         0  printf3.o ABSOLUTE
    ../clib/microlib/printf/printf.c         0x00000000   Number         0  printfb.o ABSOLUTE
    ../clib/microlib/printf/printf.c         0x00000000   Number         0  printf4.o ABSOLUTE
    ../clib/microlib/printf/printf.c         0x00000000   Number         0  printf5.o ABSOLUTE
    ../clib/microlib/printf/printf.c         0x00000000   Number         0  printf6.o ABSOLUTE
    ../clib/microlib/printf/printf.c         0x00000000   Number         0  printf8.o ABSOLUTE
    ../clib/microlib/printf/printf.c         0x00000000   Number         0  printf7.o ABSOLUTE
    ../clib/microlib/printf/printf.c         0x00000000   Number         0  printf1.o ABSOLUTE
    ../clib/microlib/stdio/streams.c         0x00000000   Number         0  stdout.o ABSOLUTE
    ../clib/microlib/string/memcpy.c         0x00000000   Number         0  memcpyb.o ABSOLUTE
    ../clib/microlib/string/memcpy.c         0x00000000   Number         0  memcpya.o ABSOLUTE
    ../clib/microlib/stubs.s                 0x00000000   Number         0  iusefp.o ABSOLUTE
    ../fplib/microlib/fpadd.c                0x00000000   Number         0  dadd.o ABSOLUTE
    ../fplib/microlib/fpdiv.c                0x00000000   Number         0  ddiv.o ABSOLUTE
    ../fplib/microlib/fpepilogue.c           0x00000000   Number         0  depilogue.o ABSOLUTE
    ../fplib/microlib/fpfix.c                0x00000000   Number         0  dfixul.o ABSOLUTE
    ../fplib/microlib/fpmul.c                0x00000000   Number         0  dmul.o ABSOLUTE
    ..\CMSIS\core_cm3.c                      0x00000000   Number         0  core_cm3.o ABSOLUTE
    ..\CMSIS\startup\startup_stm32f10x_hd.s  0x00000000   Number         0  startup_stm32f10x_hd.o ABSOLUTE
    ..\CMSIS\system_stm32f10x.c              0x00000000   Number         0  system_stm32f10x.o ABSOLUTE
    ..\FWlib\src\misc.c                      0x00000000   Number         0  misc.o ABSOLUTE
    ..\FWlib\src\stm32f10x_gpio.c            0x00000000   Number         0  stm32f10x_gpio.o ABSOLUTE
    ..\FWlib\src\stm32f10x_rcc.c             0x00000000   Number         0  stm32f10x_rcc.o ABSOLUTE
    ..\FWlib\src\stm32f10x_spi.c             0x00000000   Number         0  stm32f10x_spi.o ABSOLUTE
    ..\FWlib\src\stm32f10x_tim.c             0x00000000   Number         0  stm32f10x_tim.o ABSOLUTE
    ..\FWlib\src\stm32f10x_usart.c           0x00000000   Number         0  stm32f10x_usart.o ABSOLUTE
    ..\\CMSIS\\core_cm3.c                    0x00000000   Number         0  core_cm3.o ABSOLUTE
    ..\modbus\ascii\mbascii.c                0x00000000   Number         0  mbascii.o ABSOLUTE
    ..\modbus\functions\mbfunccoils.c        0x00000000   Number         0  mbfunccoils.o ABSOLUTE
    ..\modbus\functions\mbfuncdiag.c         0x00000000   Number         0  mbfuncdiag.o ABSOLUTE
    ..\modbus\functions\mbfuncdisc.c         0x00000000   Number         0  mbfuncdisc.o ABSOLUTE
    ..\modbus\functions\mbfuncholding.c      0x00000000   Number         0  mbfuncholding.o ABSOLUTE
    ..\modbus\functions\mbfuncinput.c        0x00000000   Number         0  mbfuncinput.o ABSOLUTE
    ..\modbus\functions\mbfuncother.c        0x00000000   Number         0  mbfuncother.o ABSOLUTE
    ..\modbus\functions\mbutils.c            0x00000000   Number         0  mbutils.o ABSOLUTE
    ..\modbus\mb.c                           0x00000000   Number         0  mb.o ABSOLUTE
    ..\modbus\port\portevent.c               0x00000000   Number         0  portevent.o ABSOLUTE
    ..\modbus\port\porttcp.c                 0x00000000   Number         0  porttcp.o ABSOLUTE
    ..\modbus\rtu\mbcrc.c                    0x00000000   Number         0  mbcrc.o ABSOLUTE
    ..\modbus\tcp\mbtcp.c                    0x00000000   Number         0  mbtcp.o ABSOLUTE
    cdrcmple.s                               0x00000000   Number         0  cdrcmple.o ABSOLUTE
    dc.s                                     0x00000000   Number         0  dc.o ABSOLUTE
    handlers.s                               0x00000000   Number         0  handlers.o ABSOLUTE
    init.s                                   0x00000000   Number         0  init.o ABSOLUTE
    src\SysTick.c                            0x00000000   Number         0  systick.o ABSOLUTE
    src\System_Init.c                        0x00000000   Number         0  system_init.o ABSOLUTE
    src\W5500.c                              0x00000000   Number         0  w5500.o ABSOLUTE
    src\led.c                                0x00000000   Number         0  led.o ABSOLUTE
    src\main.c                               0x00000000   Number         0  main.o ABSOLUTE
    src\stm32f10x_it.c                       0x00000000   Number         0  stm32f10x_it.o ABSOLUTE
    src\usart1.c                             0x00000000   Number         0  usart1.o ABSOLUTE
    RESET                                    0x08000000   Section      304  startup_stm32f10x_hd.o(RESET)
    .ARM.Collect$$$$00000000                 0x08000130   Section        0  entry.o(.ARM.Collect$$$$00000000)
    .ARM.Collect$$$$00000001                 0x08000130   Section        4  entry2.o(.ARM.Collect$$$$00000001)
    .ARM.Collect$$$$00000004                 0x08000134   Section        4  entry5.o(.ARM.Collect$$$$00000004)
    .ARM.Collect$$$$00000008                 0x08000138   Section        0  entry7b.o(.ARM.Collect$$$$00000008)
    .ARM.Collect$$$$0000000A                 0x08000138   Section        0  entry8b.o(.ARM.Collect$$$$0000000A)
    .ARM.Collect$$$$0000000B                 0x08000138   Section        8  entry9a.o(.ARM.Collect$$$$0000000B)
    .ARM.Collect$$$$0000000D                 0x08000140   Section        0  entry10a.o(.ARM.Collect$$$$0000000D)
    .ARM.Collect$$$$0000000F                 0x08000140   Section        0  entry11a.o(.ARM.Collect$$$$0000000F)
    .ARM.Collect$$$$00002712                 0x08000140   Section        4  entry2.o(.ARM.Collect$$$$00002712)
    __lit__00000000                          0x08000140   Data           4  entry2.o(.ARM.Collect$$$$00002712)
    .text                                    0x08000144   Section       36  startup_stm32f10x_hd.o(.text)
    .text                                    0x08000168   Section        0  led.o(.text)
    .text                                    0x08000228   Section        0  main.o(.text)
    .text                                    0x080005e8   Section        0  stm32f10x_it.o(.text)
    .text                                    0x08000618   Section        0  system_init.o(.text)
    .text                                    0x08000760   Section        0  systick.o(.text)
    .text                                    0x080007dc   Section        0  usart1.o(.text)
    itoa                                     0x08000897   Thumb Code    98  usart1.o(.text)
    .text                                    0x08000a08   Section        0  w5500.o(.text)
    .text                                    0x08001388   Section        0  stm32f10x_gpio.o(.text)
    .text                                    0x080016e4   Section        0  stm32f10x_rcc.o(.text)
    .text                                    0x08001a88   Section        0  misc.o(.text)
    .text                                    0x08001b64   Section        0  stm32f10x_usart.o(.text)
    .text                                    0x08001f6c   Section        0  stm32f10x_spi.o(.text)
    .text                                    0x08002278   Section        0  system_stm32f10x.o(.text)
    SetSysClockTo72                          0x08002279   Thumb Code   214  system_stm32f10x.o(.text)
    SetSysClock                              0x0800234f   Thumb Code     8  system_stm32f10x.o(.text)
    .text                                    0x08002458   Section        0  mbfunccoils.o(.text)
    .text                                    0x08002606   Section        0  mbfuncdisc.o(.text)
    .text                                    0x080026b2   Section        0  mbfuncholding.o(.text)
    .text                                    0x080028c2   Section        0  mbfuncinput.o(.text)
    .text                                    0x08002950   Section        0  mbfuncother.o(.text)
    .text                                    0x080029e4   Section        0  mbutils.o(.text)
    .text                                    0x08002a90   Section        0  mbtcp.o(.text)
    .text                                    0x08002b28   Section        0  mb.o(.text)
    .text                                    0x08002e0c   Section        0  portevent.o(.text)
    .text                                    0x08002e54   Section        0  porttcp.o(.text)
    .text                                    0x08002f10   Section        0  memcpya.o(.text)
    .text                                    0x08002f34   Section       36  init.o(.text)
    i.__0printf$bare                         0x08002f58   Section        0  printfb.o(i.__0printf$bare)
    i.__scatterload_copy                     0x08002f68   Section       14  handlers.o(i.__scatterload_copy)
    i.__scatterload_null                     0x08002f76   Section        2  handlers.o(i.__scatterload_null)
    i.__scatterload_zeroinit                 0x08002f78   Section       14  handlers.o(i.__scatterload_zeroinit)
    i._printf_core                           0x08002f86   Section        0  printfb.o(i._printf_core)
    _printf_core                             0x08002f87   Thumb Code    34  printfb.o(i._printf_core)
    .data                                    0x20000000   Section       24  main.o(.data)
    usRegHoldingStart                        0x20000000   Data           2  main.o(.data)
    usRegHoldingBuf                          0x20000002   Data           8  main.o(.data)
    usRegInputStart                          0x2000000a   Data           2  main.o(.data)
    usRegInputBuf                            0x2000000c   Data           8  main.o(.data)
    ucRegCoilsBuf                            0x20000014   Data           2  main.o(.data)
    ucRegDiscBuf                             0x20000016   Data           2  main.o(.data)
    .data                                    0x20000018   Section        4  systick.o(.data)
    .data                                    0x2000001c   Section       20  stm32f10x_rcc.o(.data)
    APBAHBPrescTable                         0x2000001c   Data          16  stm32f10x_rcc.o(.data)
    ADCPrescTable                            0x2000002c   Data           4  stm32f10x_rcc.o(.data)
    .data                                    0x20000030   Section       20  system_stm32f10x.o(.data)
    .data                                    0x20000044   Section        2  mbfuncother.o(.data)
    usMBSlaveIDLen                           0x20000044   Data           2  mbfuncother.o(.data)
    .data                                    0x20000048   Section      181  mb.o(.data)
    ucMBAddress                              0x20000048   Data           1  mb.o(.data)
    eMBCurrentMode                           0x20000049   Data           1  mb.o(.data)
    eMBState                                 0x2000004a   Data           1  mb.o(.data)
    peMBFrameSendCur                         0x2000004c   Data           4  mb.o(.data)
    pvMBFrameStartCur                        0x20000050   Data           4  mb.o(.data)
    pvMBFrameStopCur                         0x20000054   Data           4  mb.o(.data)
    peMBFrameReceiveCur                      0x20000058   Data           4  mb.o(.data)
    pvMBFrameCloseCur                        0x2000005c   Data           4  mb.o(.data)
    xFuncHandlers                            0x20000074   Data         128  mb.o(.data)
    ucMBFrame                                0x200000f4   Data           4  mb.o(.data)
    ucRcvAddress                             0x200000f8   Data           1  mb.o(.data)
    ucFunctionCode                           0x200000f9   Data           1  mb.o(.data)
    usLength                                 0x200000fa   Data           2  mb.o(.data)
    eException                               0x200000fc   Data           1  mb.o(.data)
    .data                                    0x200000fd   Section        2  portevent.o(.data)
    eQueuedEvent                             0x200000fd   Data           1  portevent.o(.data)
    xEventInQueue                            0x200000fe   Data           1  portevent.o(.data)
    .data                                    0x20000100   Section        2  porttcp.o(.data)
    usTCPBufLen                              0x20000100   Data           2  porttcp.o(.data)
    .data                                    0x20000104   Section        4  stdout.o(.data)
    .bss                                     0x20000108   Section       32  mbfuncother.o(.bss)
    ucMBSlaveID                              0x20000108   Data          32  mbfuncother.o(.bss)
    .bss                                     0x20000128   Section      263  porttcp.o(.bss)
    aucTCPBuf                                0x20000128   Data         263  porttcp.o(.bss)
    STACK                                    0x20000230   Section     1024  startup_stm32f10x_hd.o(STACK)

    Global Symbols

    Symbol Name                              Value     Ov Type        Size  Object(Section)

    BuildAttributes$$THM_ISAv4$P$D$K$B$S$PE$A:L22UL41UL21$X:L11$S22US41US21$IEEE1$IW$USESV6$~STKCKD$USESV7$~SHL$OSPACE$ROPI$EBA8$MICROLIB$REQ8$PRES8$EABIv2 0x00000000   Number         0  anon$$obj.o ABSOLUTE
    __ARM_use_no_argv                        0x00000000   Number         0  main.o ABSOLUTE
    __cpp_initialize__aeabi_                  - Undefined Weak Reference
    __cxa_finalize                            - Undefined Weak Reference
    __decompress                              - Undefined Weak Reference
    _clock_init                               - Undefined Weak Reference
    _microlib_exit                            - Undefined Weak Reference
    __Vectors_Size                           0x00000130   Number         0  startup_stm32f10x_hd.o ABSOLUTE
    __Vectors                                0x08000000   Data           4  startup_stm32f10x_hd.o(RESET)
    __Vectors_End                            0x08000130   Data           0  startup_stm32f10x_hd.o(RESET)
    __main                                   0x08000131   Thumb Code     0  entry.o(.ARM.Collect$$$$00000000)
    _main_stk                                0x08000131   Thumb Code     0  entry2.o(.ARM.Collect$$$$00000001)
    _main_scatterload                        0x08000135   Thumb Code     0  entry5.o(.ARM.Collect$$$$00000004)
    __main_after_scatterload                 0x08000139   Thumb Code     0  entry5.o(.ARM.Collect$$$$00000004)
    _main_clock                              0x08000139   Thumb Code     0  entry7b.o(.ARM.Collect$$$$00000008)
    _main_cpp_init                           0x08000139   Thumb Code     0  entry8b.o(.ARM.Collect$$$$0000000A)
    _main_init                               0x08000139   Thumb Code     0  entry9a.o(.ARM.Collect$$$$0000000B)
    __rt_final_cpp                           0x08000141   Thumb Code     0  entry10a.o(.ARM.Collect$$$$0000000D)
    __rt_final_exit                          0x08000141   Thumb Code     0  entry11a.o(.ARM.Collect$$$$0000000F)
    Reset_Handler                            0x08000145   Thumb Code     8  startup_stm32f10x_hd.o(.text)
    ADC1_2_IRQHandler                        0x0800015f   Thumb Code     0  startup_stm32f10x_hd.o(.text)
    ADC3_IRQHandler                          0x0800015f   Thumb Code     0  startup_stm32f10x_hd.o(.text)
    CAN1_RX1_IRQHandler                      0x0800015f   Thumb Code     0  startup_stm32f10x_hd.o(.text)
    CAN1_SCE_IRQHandler                      0x0800015f   Thumb Code     0  startup_stm32f10x_hd.o(.text)
    DMA1_Channel1_IRQHandler                 0x0800015f   Thumb Code     0  startup_stm32f10x_hd.o(.text)
    DMA1_Channel2_IRQHandler                 0x0800015f   Thumb Code     0  startup_stm32f10x_hd.o(.text)
    DMA1_Channel3_IRQHandler                 0x0800015f   Thumb Code     0  startup_stm32f10x_hd.o(.text)
    DMA1_Channel4_IRQHandler                 0x0800015f   Thumb Code     0  startup_stm32f10x_hd.o(.text)
    DMA1_Channel5_IRQHandler                 0x0800015f   Thumb Code     0  startup_stm32f10x_hd.o(.text)
    DMA1_Channel6_IRQHandler                 0x0800015f   Thumb Code     0  startup_stm32f10x_hd.o(.text)
    DMA1_Channel7_IRQHandler                 0x0800015f   Thumb Code     0  startup_stm32f10x_hd.o(.text)
    DMA2_Channel1_IRQHandler                 0x0800015f   Thumb Code     0  startup_stm32f10x_hd.o(.text)
    DMA2_Channel2_IRQHandler                 0x0800015f   Thumb Code     0  startup_stm32f10x_hd.o(.text)
    DMA2_Channel3_IRQHandler                 0x0800015f   Thumb Code     0  startup_stm32f10x_hd.o(.text)
    DMA2_Channel4_5_IRQHandler               0x0800015f   Thumb Code     0  startup_stm32f10x_hd.o(.text)
    EXTI0_IRQHandler                         0x0800015f   Thumb Code     0  startup_stm32f10x_hd.o(.text)
    EXTI15_10_IRQHandler                     0x0800015f   Thumb Code     0  startup_stm32f10x_hd.o(.text)
    EXTI1_IRQHandler                         0x0800015f   Thumb Code     0  startup_stm32f10x_hd.o(.text)
    EXTI2_IRQHandler                         0x0800015f   Thumb Code     0  startup_stm32f10x_hd.o(.text)
    EXTI3_IRQHandler                         0x0800015f   Thumb Code     0  startup_stm32f10x_hd.o(.text)
    EXTI4_IRQHandler                         0x0800015f   Thumb Code     0  startup_stm32f10x_hd.o(.text)
    EXTI9_5_IRQHandler                       0x0800015f   Thumb Code     0  startup_stm32f10x_hd.o(.text)
    FLASH_IRQHandler                         0x0800015f   Thumb Code     0  startup_stm32f10x_hd.o(.text)
    FSMC_IRQHandler                          0x0800015f   Thumb Code     0  startup_stm32f10x_hd.o(.text)
    I2C1_ER_IRQHandler                       0x0800015f   Thumb Code     0  startup_stm32f10x_hd.o(.text)
    I2C1_EV_IRQHandler                       0x0800015f   Thumb Code     0  startup_stm32f10x_hd.o(.text)
    I2C2_ER_IRQHandler                       0x0800015f   Thumb Code     0  startup_stm32f10x_hd.o(.text)
    I2C2_EV_IRQHandler                       0x0800015f   Thumb Code     0  startup_stm32f10x_hd.o(.text)
    PVD_IRQHandler                           0x0800015f   Thumb Code     0  startup_stm32f10x_hd.o(.text)
    RCC_IRQHandler                           0x0800015f   Thumb Code     0  startup_stm32f10x_hd.o(.text)
    RTCAlarm_IRQHandler                      0x0800015f   Thumb Code     0  startup_stm32f10x_hd.o(.text)
    RTC_IRQHandler                           0x0800015f   Thumb Code     0  startup_stm32f10x_hd.o(.text)
    SDIO_IRQHandler                          0x0800015f   Thumb Code     0  startup_stm32f10x_hd.o(.text)
    SPI1_IRQHandler                          0x0800015f   Thumb Code     0  startup_stm32f10x_hd.o(.text)
    SPI2_IRQHandler                          0x0800015f   Thumb Code     0  startup_stm32f10x_hd.o(.text)
    SPI3_IRQHandler                          0x0800015f   Thumb Code     0  startup_stm32f10x_hd.o(.text)
    TAMPER_IRQHandler                        0x0800015f   Thumb Code     0  startup_stm32f10x_hd.o(.text)
    TIM1_BRK_IRQHandler                      0x0800015f   Thumb Code     0  startup_stm32f10x_hd.o(.text)
    TIM1_CC_IRQHandler                       0x0800015f   Thumb Code     0  startup_stm32f10x_hd.o(.text)
    TIM1_TRG_COM_IRQHandler                  0x0800015f   Thumb Code     0  startup_stm32f10x_hd.o(.text)
    TIM1_UP_IRQHandler                       0x0800015f   Thumb Code     0  startup_stm32f10x_hd.o(.text)
    TIM3_IRQHandler                          0x0800015f   Thumb Code     0  startup_stm32f10x_hd.o(.text)
    TIM4_IRQHandler                          0x0800015f   Thumb Code     0  startup_stm32f10x_hd.o(.text)
    TIM5_IRQHandler                          0x0800015f   Thumb Code     0  startup_stm32f10x_hd.o(.text)
    TIM6_IRQHandler                          0x0800015f   Thumb Code     0  startup_stm32f10x_hd.o(.text)
    TIM7_IRQHandler                          0x0800015f   Thumb Code     0  startup_stm32f10x_hd.o(.text)
    TIM8_BRK_IRQHandler                      0x0800015f   Thumb Code     0  startup_stm32f10x_hd.o(.text)
    TIM8_CC_IRQHandler                       0x0800015f   Thumb Code     0  startup_stm32f10x_hd.o(.text)
    TIM8_TRG_COM_IRQHandler                  0x0800015f   Thumb Code     0  startup_stm32f10x_hd.o(.text)
    TIM8_UP_IRQHandler                       0x0800015f   Thumb Code     0  startup_stm32f10x_hd.o(.text)
    UART4_IRQHandler                         0x0800015f   Thumb Code     0  startup_stm32f10x_hd.o(.text)
    UART5_IRQHandler                         0x0800015f   Thumb Code     0  startup_stm32f10x_hd.o(.text)
    USART1_IRQHandler                        0x0800015f   Thumb Code     0  startup_stm32f10x_hd.o(.text)
    USART2_IRQHandler                        0x0800015f   Thumb Code     0  startup_stm32f10x_hd.o(.text)
    USART3_IRQHandler                        0x0800015f   Thumb Code     0  startup_stm32f10x_hd.o(.text)
    USBWakeUp_IRQHandler                     0x0800015f   Thumb Code     0  startup_stm32f10x_hd.o(.text)
    USB_HP_CAN1_TX_IRQHandler                0x0800015f   Thumb Code     0  startup_stm32f10x_hd.o(.text)
    USB_LP_CAN1_RX0_IRQHandler               0x0800015f   Thumb Code     0  startup_stm32f10x_hd.o(.text)
    WWDG_IRQHandler                          0x0800015f   Thumb Code     0  startup_stm32f10x_hd.o(.text)
    LED_GPIO_Config                          0x08000169   Thumb Code   188  led.o(.text)
    W5500_Configuration                      0x08000229   Thumb Code   188  main.o(.text)
    BSP_LED                                  0x080002e5   Thumb Code   120  main.o(.text)
    main                                     0x0800035d   Thumb Code   114  main.o(.text)
    eMBRegHoldingCB                          0x080003cf   Thumb Code   120  main.o(.text)
    eMBRegInputCB                            0x08000447   Thumb Code    66  main.o(.text)
    eMBRegCoilsCB                            0x08000489   Thumb Code   146  main.o(.text)
    eMBRegDiscreteCB                         0x0800051b   Thumb Code    94  main.o(.text)
    NMI_Handler                              0x080005e9   Thumb Code     2  stm32f10x_it.o(.text)
    HardFault_Handler                        0x080005eb   Thumb Code     4  stm32f10x_it.o(.text)
    MemManage_Handler                        0x080005ef   Thumb Code     4  stm32f10x_it.o(.text)
    BusFault_Handler                         0x080005f3   Thumb Code     4  stm32f10x_it.o(.text)
    UsageFault_Handler                       0x080005f7   Thumb Code     4  stm32f10x_it.o(.text)
    SVC_Handler                              0x080005fb   Thumb Code     2  stm32f10x_it.o(.text)
    DebugMon_Handler                         0x080005fd   Thumb Code     2  stm32f10x_it.o(.text)
    PendSV_Handler                           0x080005ff   Thumb Code     2  stm32f10x_it.o(.text)
    SysTick_Handler                          0x08000601   Thumb Code    18  stm32f10x_it.o(.text)
    TIM2_IRQHandler                          0x08000613   Thumb Code     2  stm32f10x_it.o(.text)
    SPI_Configuration                        0x08000619   Thumb Code   174  system_init.o(.text)
    GPIO_Configuration                       0x080006c7   Thumb Code    46  system_init.o(.text)
    System_Initialization                    0x080006f5   Thumb Code    28  system_init.o(.text)
    Socket0_Config                           0x08000711   Thumb Code    70  system_init.o(.text)
    SysTick_Init                             0x08000761   Thumb Code    92  systick.o(.text)
    Delay_ms                                 0x080007bd   Thumb Code    16  systick.o(.text)
    USART1_Config                            0x080007dd   Thumb Code   112  usart1.o(.text)
    USART1_NVIC_Configuration                0x0800084d   Thumb Code    42  usart1.o(.text)
    fputc                                    0x08000877   Thumb Code    32  usart1.o(.text)
    USART1_printf                            0x080008f9   Thumb Code   262  usart1.o(.text)
    Write_1_Byte                             0x08000a09   Thumb Code   122  w5500.o(.text)
    Write_2_Byte                             0x08000a83   Thumb Code   154  w5500.o(.text)
    Write_Bytes                              0x08000b1d   Thumb Code   142  w5500.o(.text)
    Write_SOCK_1_Byte                        0x08000bab   Thumb Code   136  w5500.o(.text)
    Write_SOCK_2_Byte                        0x08000c33   Thumb Code   168  w5500.o(.text)
    Write_SOCK_4_Byte                        0x08000cdb   Thumb Code   208  w5500.o(.text)
    Read_1_Byte                              0x08000dab   Thumb Code   148  w5500.o(.text)
    Read_SOCK_1_Byte                         0x08000e3f   Thumb Code   152  w5500.o(.text)
    Read_SOCK_2_Byte                         0x08000ed7   Thumb Code   192  w5500.o(.text)
    Read_SOCK_Data_Buffer                    0x08000f97   Thumb Code   448  w5500.o(.text)
    Write_SOCK_Data_Buffer                   0x08001157   Thumb Code   380  w5500.o(.text)
    Socket_Connect                           0x080012d3   Thumb Code    70  w5500.o(.text)
    Socket_Listen                            0x08001319   Thumb Code   102  w5500.o(.text)
    GPIO_DeInit                              0x08001389   Thumb Code   172  stm32f10x_gpio.o(.text)
    GPIO_AFIODeInit                          0x08001435   Thumb Code    20  stm32f10x_gpio.o(.text)
    GPIO_Init                                0x08001449   Thumb Code   278  stm32f10x_gpio.o(.text)
    GPIO_StructInit                          0x0800155f   Thumb Code    16  stm32f10x_gpio.o(.text)
    GPIO_ReadInputDataBit                    0x0800156f   Thumb Code    18  stm32f10x_gpio.o(.text)
    GPIO_ReadInputData                       0x08001581   Thumb Code     8  stm32f10x_gpio.o(.text)
    GPIO_ReadOutputDataBit                   0x08001589   Thumb Code    18  stm32f10x_gpio.o(.text)
    GPIO_ReadOutputData                      0x0800159b   Thumb Code     8  stm32f10x_gpio.o(.text)
    GPIO_SetBits                             0x080015a3   Thumb Code     4  stm32f10x_gpio.o(.text)
    GPIO_ResetBits                           0x080015a7   Thumb Code     4  stm32f10x_gpio.o(.text)
    GPIO_WriteBit                            0x080015ab   Thumb Code    10  stm32f10x_gpio.o(.text)
    GPIO_Write                               0x080015b5   Thumb Code     4  stm32f10x_gpio.o(.text)
    GPIO_PinLockConfig                       0x080015b9   Thumb Code    18  stm32f10x_gpio.o(.text)
    GPIO_EventOutputConfig                   0x080015cb   Thumb Code    26  stm32f10x_gpio.o(.text)
    GPIO_EventOutputCmd                      0x080015e5   Thumb Code     6  stm32f10x_gpio.o(.text)
    GPIO_PinRemapConfig                      0x080015eb   Thumb Code   138  stm32f10x_gpio.o(.text)
    GPIO_EXTILineConfig                      0x08001675   Thumb Code    66  stm32f10x_gpio.o(.text)
    GPIO_ETH_MediaInterfaceConfig            0x080016b7   Thumb Code     8  stm32f10x_gpio.o(.text)
    RCC_DeInit                               0x080016e5   Thumb Code    64  stm32f10x_rcc.o(.text)
    RCC_HSEConfig                            0x08001725   Thumb Code    70  stm32f10x_rcc.o(.text)
    RCC_GetFlagStatus                        0x0800176b   Thumb Code    56  stm32f10x_rcc.o(.text)
    RCC_WaitForHSEStartUp                    0x080017a3   Thumb Code    56  stm32f10x_rcc.o(.text)
    RCC_AdjustHSICalibrationValue            0x080017db   Thumb Code    20  stm32f10x_rcc.o(.text)
    RCC_HSICmd                               0x080017ef   Thumb Code     6  stm32f10x_rcc.o(.text)
    RCC_PLLConfig                            0x080017f5   Thumb Code    24  stm32f10x_rcc.o(.text)
    RCC_PLLCmd                               0x0800180d   Thumb Code     6  stm32f10x_rcc.o(.text)
    RCC_SYSCLKConfig                         0x08001813   Thumb Code    18  stm32f10x_rcc.o(.text)
    RCC_GetSYSCLKSource                      0x08001825   Thumb Code    10  stm32f10x_rcc.o(.text)
    RCC_HCLKConfig                           0x0800182f   Thumb Code    18  stm32f10x_rcc.o(.text)
    RCC_PCLK1Config                          0x08001841   Thumb Code    18  stm32f10x_rcc.o(.text)
    RCC_PCLK2Config                          0x08001853   Thumb Code    20  stm32f10x_rcc.o(.text)
    RCC_ITConfig                             0x08001867   Thumb Code    26  stm32f10x_rcc.o(.text)
    RCC_USBCLKConfig                         0x08001881   Thumb Code     8  stm32f10x_rcc.o(.text)
    RCC_ADCCLKConfig                         0x08001889   Thumb Code    18  stm32f10x_rcc.o(.text)
    RCC_LSEConfig                            0x0800189b   Thumb Code    50  stm32f10x_rcc.o(.text)
    RCC_LSICmd                               0x080018cd   Thumb Code     6  stm32f10x_rcc.o(.text)
    RCC_RTCCLKConfig                         0x080018d3   Thumb Code    12  stm32f10x_rcc.o(.text)
    RCC_RTCCLKCmd                            0x080018df   Thumb Code     8  stm32f10x_rcc.o(.text)
    RCC_GetClocksFreq                        0x080018e7   Thumb Code   192  stm32f10x_rcc.o(.text)
    RCC_AHBPeriphClockCmd                    0x080019a7   Thumb Code    26  stm32f10x_rcc.o(.text)
    RCC_APB2PeriphClockCmd                   0x080019c1   Thumb Code    26  stm32f10x_rcc.o(.text)
    RCC_APB1PeriphClockCmd                   0x080019db   Thumb Code    26  stm32f10x_rcc.o(.text)
    RCC_APB2PeriphResetCmd                   0x080019f5   Thumb Code    26  stm32f10x_rcc.o(.text)
    RCC_APB1PeriphResetCmd                   0x08001a0f   Thumb Code    26  stm32f10x_rcc.o(.text)
    RCC_BackupResetCmd                       0x08001a29   Thumb Code     8  stm32f10x_rcc.o(.text)
    RCC_ClockSecuritySystemCmd               0x08001a31   Thumb Code     6  stm32f10x_rcc.o(.text)
    RCC_MCOConfig                            0x08001a37   Thumb Code     6  stm32f10x_rcc.o(.text)
    RCC_ClearFlag                            0x08001a3d   Thumb Code    14  stm32f10x_rcc.o(.text)
    RCC_GetITStatus                          0x08001a4b   Thumb Code    20  stm32f10x_rcc.o(.text)
    RCC_ClearITPendingBit                    0x08001a5f   Thumb Code     6  stm32f10x_rcc.o(.text)
    NVIC_PriorityGroupConfig                 0x08001a89   Thumb Code    10  misc.o(.text)
    NVIC_Init                                0x08001a93   Thumb Code   100  misc.o(.text)
    NVIC_SetVectorTable                      0x08001af7   Thumb Code    14  misc.o(.text)
    NVIC_SystemLPConfig                      0x08001b05   Thumb Code    34  misc.o(.text)
    SysTick_CLKSourceConfig                  0x08001b27   Thumb Code    40  misc.o(.text)
    USART_DeInit                             0x08001b65   Thumb Code   134  stm32f10x_usart.o(.text)
    USART_Init                               0x08001beb   Thumb Code   210  stm32f10x_usart.o(.text)
    USART_StructInit                         0x08001cbd   Thumb Code    24  stm32f10x_usart.o(.text)
    USART_ClockInit                          0x08001cd5   Thumb Code    34  stm32f10x_usart.o(.text)
    USART_ClockStructInit                    0x08001cf7   Thumb Code    12  stm32f10x_usart.o(.text)
    USART_Cmd                                0x08001d03   Thumb Code    24  stm32f10x_usart.o(.text)
    USART_ITConfig                           0x08001d1b   Thumb Code    74  stm32f10x_usart.o(.text)
    USART_DMACmd                             0x08001d65   Thumb Code    18  stm32f10x_usart.o(.text)
    USART_SetAddress                         0x08001d77   Thumb Code    18  stm32f10x_usart.o(.text)
    USART_WakeUpConfig                       0x08001d89   Thumb Code    18  stm32f10x_usart.o(.text)
    USART_ReceiverWakeUpCmd                  0x08001d9b   Thumb Code    24  stm32f10x_usart.o(.text)
    USART_LINBreakDetectLengthConfig         0x08001db3   Thumb Code    18  stm32f10x_usart.o(.text)
    USART_LINCmd                             0x08001dc5   Thumb Code    24  stm32f10x_usart.o(.text)
    USART_SendData                           0x08001ddd   Thumb Code     8  stm32f10x_usart.o(.text)
    USART_ReceiveData                        0x08001de5   Thumb Code    10  stm32f10x_usart.o(.text)
    USART_SendBreak                          0x08001def   Thumb Code    10  stm32f10x_usart.o(.text)
    USART_SetGuardTime                       0x08001df9   Thumb Code    16  stm32f10x_usart.o(.text)
    USART_SetPrescaler                       0x08001e09   Thumb Code    16  stm32f10x_usart.o(.text)
    USART_SmartCardCmd                       0x08001e19   Thumb Code    24  stm32f10x_usart.o(.text)
    USART_SmartCardNACKCmd                   0x08001e31   Thumb Code    24  stm32f10x_usart.o(.text)
    USART_HalfDuplexCmd                      0x08001e49   Thumb Code    24  stm32f10x_usart.o(.text)
    USART_OverSampling8Cmd                   0x08001e61   Thumb Code    22  stm32f10x_usart.o(.text)
    USART_OneBitMethodCmd                    0x08001e77   Thumb Code    24  stm32f10x_usart.o(.text)
    USART_IrDAConfig                         0x08001e8f   Thumb Code    18  stm32f10x_usart.o(.text)
    USART_IrDACmd                            0x08001ea1   Thumb Code    24  stm32f10x_usart.o(.text)
    USART_GetFlagStatus                      0x08001eb9   Thumb Code    26  stm32f10x_usart.o(.text)
    USART_ClearFlag                          0x08001ed3   Thumb Code    18  stm32f10x_usart.o(.text)
    USART_GetITStatus                        0x08001ee5   Thumb Code    84  stm32f10x_usart.o(.text)
    USART_ClearITPendingBit                  0x08001f39   Thumb Code    52  stm32f10x_usart.o(.text)
    SPI_I2S_DeInit                           0x08001f6d   Thumb Code    76  stm32f10x_spi.o(.text)
    SPI_Init                                 0x08001fb9   Thumb Code    60  stm32f10x_spi.o(.text)
    I2S_Init                                 0x08001ff5   Thumb Code   226  stm32f10x_spi.o(.text)
    SPI_StructInit                           0x080020d7   Thumb Code    24  stm32f10x_spi.o(.text)
    I2S_StructInit                           0x080020ef   Thumb Code    20  stm32f10x_spi.o(.text)
    SPI_Cmd                                  0x08002103   Thumb Code    24  stm32f10x_spi.o(.text)
    I2S_Cmd                                  0x0800211b   Thumb Code    24  stm32f10x_spi.o(.text)
    SPI_I2S_ITConfig                         0x08002133   Thumb Code    32  stm32f10x_spi.o(.text)
    SPI_I2S_DMACmd                           0x08002153   Thumb Code    18  stm32f10x_spi.o(.text)
    SPI_I2S_SendData                         0x08002165   Thumb Code     4  stm32f10x_spi.o(.text)
    SPI_I2S_ReceiveData                      0x08002169   Thumb Code     6  stm32f10x_spi.o(.text)
    SPI_NSSInternalSoftwareConfig            0x0800216f   Thumb Code    30  stm32f10x_spi.o(.text)
    SPI_SSOutputCmd                          0x0800218d   Thumb Code    24  stm32f10x_spi.o(.text)
    SPI_DataSizeConfig                       0x080021a5   Thumb Code    18  stm32f10x_spi.o(.text)
    SPI_TransmitCRC                          0x080021b7   Thumb Code    10  stm32f10x_spi.o(.text)
    SPI_CalculateCRC                         0x080021c1   Thumb Code    24  stm32f10x_spi.o(.text)
    SPI_GetCRC                               0x080021d9   Thumb Code    16  stm32f10x_spi.o(.text)
    SPI_GetCRCPolynomial                     0x080021e9   Thumb Code     6  stm32f10x_spi.o(.text)
    SPI_BiDirectionalLineConfig              0x080021ef   Thumb Code    28  stm32f10x_spi.o(.text)
    SPI_I2S_GetFlagStatus                    0x0800220b   Thumb Code    18  stm32f10x_spi.o(.text)
    SPI_I2S_ClearFlag                        0x0800221d   Thumb Code     6  stm32f10x_spi.o(.text)
    SPI_I2S_GetITStatus                      0x08002223   Thumb Code    52  stm32f10x_spi.o(.text)
    SPI_I2S_ClearITPendingBit                0x08002257   Thumb Code    20  stm32f10x_spi.o(.text)
    SystemInit                               0x08002357   Thumb Code    78  system_stm32f10x.o(.text)
    SystemCoreClockUpdate                    0x080023a5   Thumb Code   142  system_stm32f10x.o(.text)
    eMBFuncReadCoils                         0x08002459   Thumb Code   174  mbfunccoils.o(.text)
    eMBFuncWriteCoil                         0x08002507   Thumb Code   112  mbfunccoils.o(.text)
    eMBFuncWriteMultipleCoils                0x08002577   Thumb Code   144  mbfunccoils.o(.text)
    eMBFuncReadDiscreteInputs                0x08002607   Thumb Code   172  mbfuncdisc.o(.text)
    eMBFuncWriteHoldingRegister              0x080026b3   Thumb Code    66  mbfuncholding.o(.text)
    eMBFuncWriteMultipleHoldingRegister      0x080026f5   Thumb Code   110  mbfuncholding.o(.text)
    eMBFuncReadHoldingRegister               0x08002763   Thumb Code   140  mbfuncholding.o(.text)
    eMBFuncReadWriteMultipleHoldingRegister  0x080027ef   Thumb Code   212  mbfuncholding.o(.text)
    eMBFuncReadInputRegister                 0x080028c3   Thumb Code   140  mbfuncinput.o(.text)
    eMBSetSlaveID                            0x08002951   Thumb Code   110  mbfuncother.o(.text)
    eMBFuncReportSlaveID                     0x080029bf   Thumb Code    30  mbfuncother.o(.text)
    xMBUtilSetBits                           0x080029e5   Thumb Code    96  mbutils.o(.text)
    xMBUtilGetBits                           0x08002a45   Thumb Code    42  mbutils.o(.text)
    prveMBError2Exception                    0x08002a6f   Thumb Code    34  mbutils.o(.text)
    eMBTCPDoInit                             0x08002a91   Thumb Code    20  mbtcp.o(.text)
    eMBTCPStart                              0x08002aa5   Thumb Code     2  mbtcp.o(.text)
    eMBTCPStop                               0x08002aa7   Thumb Code     8  mbtcp.o(.text)
    eMBTCPReceive                            0x08002aaf   Thumb Code    72  mbtcp.o(.text)
    eMBTCPSend                               0x08002af7   Thumb Code    48  mbtcp.o(.text)
    eMBInit                                  0x08002b29   Thumb Code    70  mb.o(.text)
    eMBTCPInit                               0x08002b6f   Thumb Code    86  mb.o(.text)
    eMBRegisterCB                            0x08002bc5   Thumb Code   138  mb.o(.text)
    eMBClose                                 0x08002c4f   Thumb Code    32  mb.o(.text)
    eMBEnable                                0x08002c6f   Thumb Code    32  mb.o(.text)
    eMBDisable                               0x08002c8f   Thumb Code    42  mb.o(.text)
    eMBPoll                                  0x08002cb9   Thumb Code   268  mb.o(.text)
    xMBPortEventInit                         0x08002e0d   Thumb Code    10  portevent.o(.text)
    xMBPortEventPost                         0x08002e17   Thumb Code    16  portevent.o(.text)
    xMBPortEventGet                          0x08002e27   Thumb Code    36  portevent.o(.text)
    xMBTCPPortInit                           0x08002e55   Thumb Code    34  porttcp.o(.text)
    vMBTCPPortClose                          0x08002e77   Thumb Code     2  porttcp.o(.text)
    vMBTCPPortDisable                        0x08002e79   Thumb Code     2  porttcp.o(.text)
    xMBTCPPortGetRequest                     0x08002e7b   Thumb Code    22  porttcp.o(.text)
    xMBTCPPortSendResponse                   0x08002e91   Thumb Code    20  porttcp.o(.text)
    xMBPortTCPPool                           0x08002ea5   Thumb Code    90  porttcp.o(.text)
    EnterCriticalSection                     0x08002eff   Thumb Code     4  porttcp.o(.text)
    ExitCriticalSection                      0x08002f03   Thumb Code     4  porttcp.o(.text)
    __aeabi_memcpy                           0x08002f11   Thumb Code    36  memcpya.o(.text)
    __aeabi_memcpy4                          0x08002f11   Thumb Code     0  memcpya.o(.text)
    __aeabi_memcpy8                          0x08002f11   Thumb Code     0  memcpya.o(.text)
    __scatterload                            0x08002f35   Thumb Code    28  init.o(.text)
    __scatterload_rt2                        0x08002f35   Thumb Code     0  init.o(.text)
    __0printf$bare                           0x08002f59   Thumb Code     8  printfb.o(i.__0printf$bare)
    __1printf$bare                           0x08002f59   Thumb Code     0  printfb.o(i.__0printf$bare)
    __2printf                                0x08002f59   Thumb Code     0  printfb.o(i.__0printf$bare)
    __scatterload_copy                       0x08002f69   Thumb Code    14  handlers.o(i.__scatterload_copy)
    __scatterload_null                       0x08002f77   Thumb Code     2  handlers.o(i.__scatterload_null)
    __scatterload_zeroinit                   0x08002f79   Thumb Code    14  handlers.o(i.__scatterload_zeroinit)
    Region$$Table$$Base                      0x08002fa8   Number         0  anon$$obj.o(Region$$Table)
    Region$$Table$$Limit                     0x08002fc8   Number         0  anon$$obj.o(Region$$Table)
    TimingDelay                              0x20000018   Data           4  systick.o(.data)
    SystemCoreClock                          0x20000030   Data           4  system_stm32f10x.o(.data)
    AHBPrescTable                            0x20000034   Data          16  system_stm32f10x.o(.data)
    pxMBFrameCBByteReceived                  0x20000060   Data           4  mb.o(.data)
    pxMBFrameCBTransmitterEmpty              0x20000064   Data           4  mb.o(.data)
    pxMBPortCBTimerExpired                   0x20000068   Data           4  mb.o(.data)
    pxMBFrameCBReceiveFSMCur                 0x2000006c   Data           4  mb.o(.data)
    pxMBFrameCBTransmitFSMCur                0x20000070   Data           4  mb.o(.data)
    __stdout                                 0x20000104   Data           4  stdout.o(.data)
    __initial_sp                             0x20000630   Data           0  startup_stm32f10x_hd.o(STACK)



==============================================================================

Memory Map of the image

  Image Entry point : 0x08000145

  Load Region LR_1 (Base: 0x08000000, Size: 0x000030d0, Max: 0xffffffff, ABSOLUTE)

    Execution Region ER_RO (Exec base: 0x08000000, Load base: 0x08000000, Size: 0x00002fc8, Max: 0xffffffff, ABSOLUTE)

    Exec Addr    Load Addr    Size         Type   Attr      Idx    E Section Name        Object

    0x08000000   0x08000000   0x00000130   Data   RO            3    RESET               startup_stm32f10x_hd.o
    0x08000130   0x08000130   0x00000000   Code   RO          484  * .ARM.Collect$$$$00000000  mc_w.l(entry.o)
    0x08000130   0x08000130   0x00000004   Code   RO          751    .ARM.Collect$$$$00000001  mc_w.l(entry2.o)
    0x08000134   0x08000134   0x00000004   Code   RO          754    .ARM.Collect$$$$00000004  mc_w.l(entry5.o)
    0x08000138   0x08000138   0x00000000   Code   RO          756    .ARM.Collect$$$$00000008  mc_w.l(entry7b.o)
    0x08000138   0x08000138   0x00000000   Code   RO          758    .ARM.Collect$$$$0000000A  mc_w.l(entry8b.o)
    0x08000138   0x08000138   0x00000008   Code   RO          759    .ARM.Collect$$$$0000000B  mc_w.l(entry9a.o)
    0x08000140   0x08000140   0x00000000   Code   RO          761    .ARM.Collect$$$$0000000D  mc_w.l(entry10a.o)
    0x08000140   0x08000140   0x00000000   Code   RO          763    .ARM.Collect$$$$0000000F  mc_w.l(entry11a.o)
    0x08000140   0x08000140   0x00000004   Code   RO          752    .ARM.Collect$$$$00002712  mc_w.l(entry2.o)
    0x08000144   0x08000144   0x00000024   Code   RO            4  * .text               startup_stm32f10x_hd.o
    0x08000168   0x08000168   0x000000c0   Code   RO           10    .text               led.o
    0x08000228   0x08000228   0x000003c0   Code   RO           64    .text               main.o
    0x080005e8   0x080005e8   0x00000030   Code   RO          110    .text               stm32f10x_it.o
    0x08000618   0x08000618   0x00000148   Code   RO          126    .text               system_init.o
    0x08000760   0x08000760   0x0000007c   Code   RO          148    .text               systick.o
    0x080007dc   0x080007dc   0x0000022c   Code   RO          170    .text               usart1.o
    0x08000a08   0x08000a08   0x00000980   Code   RO          189    .text               w5500.o
    0x08001388   0x08001388   0x0000035c   Code   RO          201    .text               stm32f10x_gpio.o
    0x080016e4   0x080016e4   0x000003a4   Code   RO          213    .text               stm32f10x_rcc.o
    0x08001a88   0x08001a88   0x000000dc   Code   RO          227    .text               misc.o
    0x08001b64   0x08001b64   0x00000408   Code   RO          239    .text               stm32f10x_usart.o
    0x08001f6c   0x08001f6c   0x0000030c   Code   RO          251    .text               stm32f10x_spi.o
    0x08002278   0x08002278   0x000001e0   Code   RO          285    .text               system_stm32f10x.o
    0x08002458   0x08002458   0x000001ae   Code   RO          324    .text               mbfunccoils.o
    0x08002606   0x08002606   0x000000ac   Code   RO          339    .text               mbfuncdisc.o
    0x080026b2   0x080026b2   0x00000210   Code   RO          351    .text               mbfuncholding.o
    0x080028c2   0x080028c2   0x0000008c   Code   RO          363    .text               mbfuncinput.o
    0x0800294e   0x0800294e   0x00000002   PAD
    0x08002950   0x08002950   0x00000094   Code   RO          375    .text               mbfuncother.o
    0x080029e4   0x080029e4   0x000000ac   Code   RO          390    .text               mbutils.o
    0x08002a90   0x08002a90   0x00000096   Code   RO          416    .text               mbtcp.o
    0x08002b26   0x08002b26   0x00000002   PAD
    0x08002b28   0x08002b28   0x000002e4   Code   RO          431    .text               mb.o
    0x08002e0c   0x08002e0c   0x00000048   Code   RO          452    .text               portevent.o
    0x08002e54   0x08002e54   0x000000bc   Code   RO          466    .text               porttcp.o
    0x08002f10   0x08002f10   0x00000024   Code   RO          487    .text               mc_w.l(memcpya.o)
    0x08002f34   0x08002f34   0x00000024   Code   RO          781    .text               mc_w.l(init.o)
    0x08002f58   0x08002f58   0x00000010   Code   RO          492    i.__0printf$bare    mc_w.l(printfb.o)
    0x08002f68   0x08002f68   0x0000000e   Code   RO          793    i.__scatterload_copy  mc_w.l(handlers.o)
    0x08002f76   0x08002f76   0x00000002   Code   RO          794    i.__scatterload_null  mc_w.l(handlers.o)
    0x08002f78   0x08002f78   0x0000000e   Code   RO          795    i.__scatterload_zeroinit  mc_w.l(handlers.o)
    0x08002f86   0x08002f86   0x00000022   Code   RO          499    i._printf_core      mc_w.l(printfb.o)
    0x08002fa8   0x08002fa8   0x00000020   Data   RO          791    Region$$Table       anon$$obj.o


    Execution Region ER_RW (Exec base: 0x20000000, Load base: 0x08002fc8, Size: 0x00000108, Max: 0xffffffff, ABSOLUTE)

    Exec Addr    Load Addr    Size         Type   Attr      Idx    E Section Name        Object

    0x20000000   0x08002fc8   0x00000018   Data   RW           65    .data               main.o
    0x20000018   0x08002fe0   0x00000004   Data   RW          149    .data               systick.o
    0x2000001c   0x08002fe4   0x00000014   Data   RW          214    .data               stm32f10x_rcc.o
    0x20000030   0x08002ff8   0x00000014   Data   RW          286    .data               system_stm32f10x.o
    0x20000044   0x0800300c   0x00000002   Data   RW          377    .data               mbfuncother.o
    0x20000046   0x0800300e   0x00000002   PAD
    0x20000048   0x08003010   0x000000b5   Data   RW          432    .data               mb.o
    0x200000fd   0x080030c5   0x00000002   Data   RW          453    .data               portevent.o
    0x200000ff   0x080030c7   0x00000001   PAD
    0x20000100   0x080030c8   0x00000002   Data   RW          468    .data               porttcp.o
    0x20000102   0x080030ca   0x00000002   PAD
    0x20000104   0x080030cc   0x00000004   Data   RW          765    .data               mc_w.l(stdout.o)


    Execution Region ER_ZI (Exec base: 0x20000108, Load base: 0x080030d0, Size: 0x00000528, Max: 0xffffffff, ABSOLUTE)

    Exec Addr    Load Addr    Size         Type   Attr      Idx    E Section Name        Object

    0x20000108        -       0x00000020   Zero   RW          376    .bss                mbfuncother.o
    0x20000128        -       0x00000107   Zero   RW          467    .bss                porttcp.o
    0x2000022f   0x080030d0   0x00000001   PAD
    0x20000230        -       0x00000400   Zero   RW            1    STACK               startup_stm32f10x_hd.o


==============================================================================

Image component sizes


      Code (inc. data)   RO Data    RW Data    ZI Data      Debug   Object Name

       192          4          0          0          0     239762   led.o
       960        112          0         24          0       7777   main.o
       740         72          0        181          0       4317   mb.o
         0          0          0          0          0        560   mbascii.o
       430          0          0          0          0       2982   mbfunccoils.o
       172          0          0          0          0       1548   mbfuncdisc.o
       528          0          0          0          0       3853   mbfuncholding.o
       140          0          0          0          0       1495   mbfuncinput.o
       148          8          0          2         32       1745   mbfuncother.o
       150          0          0          0          0       2203   mbtcp.o
       172          0          0          0          0       1890   mbutils.o
       220         22          0          0          0       1729   misc.o
        72         10          0          2          0       1512   portevent.o
       188         10          0          2        263       2723   porttcp.o
        36          8        304          0       1024        832   startup_stm32f10x_hd.o
       860         38          0          0          0       5669   stm32f10x_gpio.o
        48          4          0          0          0       1350   stm32f10x_it.o
       932         36          0         20          0       8832   stm32f10x_rcc.o
       780         14          0          0          0       6546   stm32f10x_spi.o
      1032         22          0          0          0       8388   stm32f10x_usart.o
       328         10          0          0          0       1148   system_init.o
       480         38          0         20          0       1767   system_stm32f10x.o
       124         16          0          4          0      16353   systick.o
       556         10          0          0          0       4178   usart1.o
      2432         28          0          0          0       5034   w5500.o

    ----------------------------------------------------------------------
     11724        462        336        260       1320     334193   Object Totals
         0          0         32          0          0          0   (incl. Generated)
         4          0          0          5          1          0   (incl. Padding)

    ----------------------------------------------------------------------

      Code (inc. data)   RO Data    RW Data    ZI Data      Debug   Library Member Name

         0          0          0          0          0          0   entry.o
         0          0          0          0          0          0   entry10a.o
         0          0          0          0          0          0   entry11a.o
         8          4          0          0          0          0   entry2.o
         4          0          0          0          0          0   entry5.o
         0          0          0          0          0          0   entry7b.o
         0          0          0          0          0          0   entry8b.o
         8          4          0          0          0          0   entry9a.o
        30          0          0          0          0          0   handlers.o
        36          8          0          0          0         68   init.o
        36          0          0          0          0         68   memcpya.o
        50          8          0          0          0        152   printfb.o
         0          0          0          4          0          0   stdout.o

    ----------------------------------------------------------------------
       172         24          0          4          0        288   Library Totals
         0          0          0          0          0          0   (incl. Padding)

    ----------------------------------------------------------------------

      Code (inc. data)   RO Data    RW Data    ZI Data      Debug   Library Name

       172         24          0          4          0        288   mc_w.l

    ----------------------------------------------------------------------
       172         24          0          4          0        288   Library Totals

    ----------------------------------------------------------------------

==============================================================================


      Code (inc. data)   RO Data    RW Data    ZI Data      Debug   

     11896        486        336        264       1320     332709   Grand Totals
     11896        486        336        264       1320     332709   ELF Image Totals
     11896        486        336        264          0          0   ROM Totals

==============================================================================

    Total RO  Size (Code + RO Data)                12232 (  11.95kB)
    Total RW  Size (RW Data + ZI Data)              1584 (   1.55kB)
    Total ROM Size (Code + RO Data + RW Data)      12496 (  12.20kB)

==============================================================================

