<html>
<body>
<pre>
<h1>µVision Build Log</h1>
<h2>Tool Versions:</h2>
IDE-Version: ¦ÌVision V5.31.0.0
Copyright (C) 2020 ARM Ltd and ARM Germany GmbH. All rights reserved.
License Information: 1 2, 333, LIC=VGXG8-3T2X3-747S0-BLKLB-FR87P-X6XZA
 
Tool Versions:
Toolchain:       MDK-ARM Plus  Version: 5.31.0.0
Toolchain Path:  D:\Keil_v5\ARM\ARMCC\Bin
C Compiler:      Armcc.exe V5.06 update 6 (build 750)
Assembler:       Armasm.exe V5.06 update 6 (build 750)
Linker/Locator:  ArmLink.exe V5.06 update 6 (build 750)
Library Manager: ArmAr.exe V5.06 update 6 (build 750)
Hex Converter:   FromElf.exe V5.06 update 6 (build 750)
CPU DLL:         SARMCM3.DLL V5.31.0.0
Dialog DLL:      DCM.DLL V1.17.3.0
Target DLL:      Segger\JL2CM3.dll V2.99.38.0
Dialog DLL:      TCM.DLL V1.46.0.0
 
<h2>Project:</h2>
D:\Ñ¸À×ÏÂÔØ\stm32_w5500_freemodbus_v1-master\USER\STM32-DEMO.uvprojx
Project File Date:  12/15/2021

<h2>Output:</h2>
*** Using Compiler 'V5.06 update 6 (build 750)', folder: 'D:\Keil_v5\ARM\ARMCC\Bin'
Rebuild target 'STM32_Modbus_TCP V1.0'
assembling startup_stm32f10x_hd.s...
compiling usart1.c...
compiling stm32f10x_it.c...
compiling SysTick.c...
compiling main.c...
compiling led.c...
compiling System_Init.c...
compiling W5500.c...
compiling misc.c...
compiling stm32f10x_gpio.c...
compiling stm32f10x_usart.c...
compiling stm32f10x_spi.c...
compiling stm32f10x_rcc.c...
compiling core_cm3.c...
compiling stm32f10x_tim.c...
compiling mbfuncdiag.c...
compiling system_stm32f10x.c...
compiling mbascii.c...
compiling mbfunccoils.c...
compiling mbfuncdisc.c...
compiling mbfuncholding.c...
compiling mbfuncinput.c...
compiling mbfuncother.c...
compiling mbutils.c...
compiling mbcrc.c...
compiling mbtcp.c...
compiling mb.c...
compiling portevent.c...
compiling porttcp.c...
linking...
Program Size: Code=11896 RO-data=336 RW-data=264 ZI-data=1320  
FromELF: creating hex file...
"..\Output\STM32_Modbus_TCP_V1.axf" - 0 Error(s), 0 Warning(s).

<h2>Software Packages used:</h2>

Package Vendor: ARM
                http://www.keil.com/pack/ARM.CMSIS.5.7.0.pack
                ARM.CMSIS.5.7.0
                CMSIS (Cortex Microcontroller Software Interface Standard)
   * Component: CORE Version: 5.4.0

Package Vendor: Keil
                http://www.keil.com/pack/Keil.STM32F1xx_DFP.2.1.0.pack
                Keil.STM32F1xx_DFP.2.1.0
                STMicroelectronics STM32F1 Series Device Support, Drivers and Examples

<h2>Collection of Component include folders:</h2>
  .\RTE\_STM32_Modbus_TCP_V1.0
  D:\Keil_v5\ARM\PACK\ARM\CMSIS\5.7.0\CMSIS\Core\Include
  D:\Keil_v5\ARM\PACK\Keil\STM32F1xx_DFP\2.1.0\Device\Include

<h2>Collection of Component Files used:</h2>

   * Component: ARM::CMSIS:CORE:5.4.0
Build Time Elapsed:  00:00:04
</pre>
</body>
</html>
